
> assessmentr@1.0.0 build
> next build

  Γû▓ Next.js 14.2.14
  - Environments: .env.local

   Creating an optimized production build ...
 Γ£ô Compiled successfully
   Linting and checking validity of types ...
node.exe : Failed to compile.
At line:1 char:1
+ & "C:\Program 
Files\nodejs/node.exe" 
"C:\Program 
Files\nodejs/node_mo ...
+ ~~~~~~~~~~~~~~~~~~~~~~~~~~~
~~~~~~~~~~~~~~~~~~~~~~~~~~~~~
~~~~~~~~~~~~~
    + CategoryInfo           
   : NotSpecified: (Failed   
  to compile.:String) [],    
 RemoteException
    + FullyQualifiedErrorId  
   : NativeCommandError
 

./lib/supabase/server.ts:15:1
6
Type error: Parameter 
'cookiesToSet' implicitly 
has an 'any' type.

[0m [90m 13 |[39m         
  [36mreturn[39m cookieStor
e[33m.[39mgetAll()[0m
[0m [90m 14 |[39m         
}[33m,[39m[0m
[0m[31m[1m>[22m[39m[90m
 15 |[39m         
setAll(cookiesToSet) {[0m
[0m [90m    |[39m         
       
[31m[1m^[22m[39m[0m
[0m [90m 16 |[39m         
  [36mtry[39m {[0m
[0m [90m 17 |[39m         
    cookiesToSet[33m.[39mfo
rEach(({ name[33m,[39m 
value[33m,[39m options }) 
[33m=>[39m[0m
[0m [90m 18 |[39m         
      cookieStore[33m.[39m
[36mset[39m(name[33m,[39m 
value[33m,[39m options)[0m
